// Jest Snapshot v1, https://goo.gl/fbAQLP

exports[`Promotions renders correctly 1`] = `
<Text
  style={
    Object {
      "backgroundColor": "#F7403A",
      "borderRadius": 10,
      "color": "#FFFFFF",
      "padding": 2,
    }
  }
>
  promotion 1, promotion 2
</Text>
`;
